// Jest Snapshot v1, https://goo.gl/fbAQLP

exports[`renders a teaser hero variations component 1`] = `
<div>
  <div
    className="ui buttons"
  >
    <button
      aria-label="Top"
      className="ui basic icon button"
      onClick={[Function]}
    >
      <svg
        className="icon"
        dangerouslySetInnerHTML={
          Object {
            "__html": undefined,
          }
        }
        onClick={null}
        style={
          Object {
            "fill": "currentColor",
            "height": "24px",
            "width": "auto",
          }
        }
        viewBox=""
        xmlns=""
      />
    </button>
  </div>
  <div
    className="ui buttons"
  >
    <button
      aria-label="Left"
      className="ui active basic icon button"
      onClick={[Function]}
    >
      <svg
        className="icon"
        dangerouslySetInnerHTML={
          Object {
            "__html": undefined,
          }
        }
        onClick={null}
        style={
          Object {
            "fill": "currentColor",
            "height": "24px",
            "width": "auto",
          }
        }
        viewBox=""
        xmlns=""
      />
    </button>
  </div>
  <div
    className="ui buttons"
  >
    <button
      aria-label="Right"
      className="ui basic icon button"
      onClick={[Function]}
    >
      <svg
        className="icon"
        dangerouslySetInnerHTML={
          Object {
            "__html": undefined,
          }
        }
        onClick={null}
        style={
          Object {
            "fill": "currentColor",
            "height": "24px",
            "width": "auto",
          }
        }
        viewBox=""
        xmlns=""
      />
    </button>
  </div>
</div>
`;
