// Jest Snapshot v1, https://goo.gl/fbAQLP

exports[`renders an Listing Data Sidebar component 1`] = `
Array [
  <div
    className="ui segment form sidebar-image-data"
  >
    <div
      className="inline field text"
      id="field-source-0"
    >
      <div
        className="ui grid"
      >
        <div
          className="stretched row"
        >
          <div
            className="four wide column"
          >
            <div
              className="wrapper"
            >
              <label
                htmlFor="field-source-0"
              >
                Source
              </label>
            </div>
          </div>
          <div
            className="eight wide column"
          >
            <div
              className="ui icon input"
            >
              <input
                id="field-source-0"
                maxLength={null}
                minLength={null}
                name="source-0"
                onBlur={[Function]}
                onChange={[Function]}
                onClick={[Function]}
                type="text"
                value="/de/a-page/news1"
              />
              <i
                aria-hidden="true"
                attributes={
                  Object {
                    "viewBox": "",
                    "xmlns": "",
                  }
                }
                className="icon"
                onClick={[Function]}
              />
            </div>
            <button
              onClick={[Function]}
            >
              <svg
                className="icon"
                dangerouslySetInnerHTML={
                  Object {
                    "__html": undefined,
                  }
                }
                onClick={null}
                style={
                  Object {
                    "fill": "currentColor",
                    "height": "18px",
                    "width": "auto",
                  }
                }
                viewBox=""
                xmlns=""
              />
            </button>
          </div>
        </div>
      </div>
    </div>
    <div
      className="inline field text"
      id="field-title-0"
    >
      <div
        className="ui grid"
      >
        <div
          className="stretched row"
        >
          <div
            className="four wide column"
          >
            <div
              className="wrapper"
            >
              <label
                htmlFor="field-title-0"
              >
                Title
              </label>
            </div>
          </div>
          <div
            className="eight wide column"
          >
            <div
              className="ui input"
            >
              <input
                id="field-title-0"
                maxLength={null}
                minLength={null}
                name="title-0"
                onBlur={[Function]}
                onChange={[Function]}
                onClick={[Function]}
                type="text"
                value=""
              />
            </div>
          </div>
        </div>
      </div>
    </div>
    <div
      className="inline field text"
      id="field-description-0"
    >
      <div
        className="ui grid"
      >
        <div
          className="stretched row"
        >
          <div
            className="four wide column"
          >
            <div
              className="wrapper"
            >
              <label
                htmlFor="field-description-0"
              >
                Description
              </label>
            </div>
          </div>
          <div
            className="eight wide column"
          >
            <div
              className="ui input"
            >
              <input
                id="field-description-0"
                maxLength={null}
                minLength={null}
                name="description-0"
                onBlur={[Function]}
                onChange={[Function]}
                onClick={[Function]}
                type="text"
                value=""
              />
            </div>
          </div>
        </div>
      </div>
    </div>
    <div
      className="inline field text"
      id="field-source-preview-image"
    >
      <div
        className="ui grid"
      >
        <div
          className="stretched row"
        >
          <div
            className="four wide column"
          >
            <div
              className="wrapper"
            >
              <label
                htmlFor="field-source-preview-image"
              >
                Source image
              </label>
            </div>
          </div>
          <div
            className="eight wide column"
          >
            <div
              className="ui icon input"
            >
              <input
                id="field-source-preview-image"
                maxLength={null}
                minLength={null}
                name="source-preview-image"
                onBlur={[Function]}
                onChange={[Function]}
                onClick={[Function]}
                type="text"
                value=""
              />
              <i
                aria-hidden="true"
                attributes={
                  Object {
                    "viewBox": "",
                    "xmlns": "",
                  }
                }
                className="icon"
                onClick={[Function]}
              />
            </div>
            <button
              onClick={[Function]}
            >
              <svg
                className="icon"
                dangerouslySetInnerHTML={
                  Object {
                    "__html": undefined,
                  }
                }
                onClick={null}
                style={
                  Object {
                    "fill": "currentColor",
                    "height": "18px",
                    "width": "auto",
                  }
                }
                viewBox=""
                xmlns=""
              />
            </button>
          </div>
        </div>
      </div>
    </div>
    <div
      className="inline field"
      id="field-openLinkInNewTab"
    >
      <div
        className="ui grid"
      >
        <div
          className="stretched row"
        >
          <div
            className="twelve wide column"
          >
            <div
              className="wrapper"
            >
              <div
                className="ui checkbox"
                onChange={[Function]}
                onClick={[Function]}
                onMouseDown={[Function]}
                onMouseUp={[Function]}
              >
                <input
                  checked={false}
                  className="hidden"
                  name="field-openLinkInNewTab"
                  readOnly={true}
                  tabIndex={0}
                  type="checkbox"
                />
                <label
                  htmlFor="field-openLinkInNewTab"
                >
                  Open in a new tab
                </label>
              </div>
            </div>
          </div>
        </div>
      </div>
    </div>
  </div>,
  <div
    className="ui segment form sidebar-image-data"
  >
    <div
      className="inline field"
    >
      <div
        className="ui grid"
      >
        <div
          className="row"
        >
          <div
            className="four wide column"
          >
            <div
              className="wrapper"
            >
              <label
                htmlFor="field-align"
              >
                Variation
              </label>
            </div>
          </div>
          <div
            className="eight wide column align-tools"
          >
            <div>
              <div
                className="ui buttons"
              >
                <button
                  aria-label="Top"
                  className="ui basic icon button"
                  onClick={[Function]}
                >
                  <svg
                    className="icon"
                    dangerouslySetInnerHTML={
                      Object {
                        "__html": undefined,
                      }
                    }
                    onClick={null}
                    style={
                      Object {
                        "fill": "currentColor",
                        "height": "24px",
                        "width": "auto",
                      }
                    }
                    viewBox=""
                    xmlns=""
                  />
                </button>
              </div>
              <div
                className="ui buttons"
              >
                <button
                  aria-label="Left"
                  className="ui active basic icon button"
                  onClick={[Function]}
                >
                  <svg
                    className="icon"
                    dangerouslySetInnerHTML={
                      Object {
                        "__html": undefined,
                      }
                    }
                    onClick={null}
                    style={
                      Object {
                        "fill": "currentColor",
                        "height": "24px",
                        "width": "auto",
                      }
                    }
                    viewBox=""
                    xmlns=""
                  />
                </button>
              </div>
              <div
                className="ui buttons"
              >
                <button
                  aria-label="Right"
                  className="ui basic icon button"
                  onClick={[Function]}
                >
                  <svg
                    className="icon"
                    dangerouslySetInnerHTML={
                      Object {
                        "__html": undefined,
                      }
                    }
                    onClick={null}
                    style={
                      Object {
                        "fill": "currentColor",
                        "height": "24px",
                        "width": "auto",
                      }
                    }
                    viewBox=""
                    xmlns=""
                  />
                </button>
              </div>
            </div>
          </div>
        </div>
      </div>
    </div>
  </div>,
]
`;
