// Jest Snapshot v1, https://goo.gl/fbAQLP

exports[`renders a Grid Block Proxy Item component 1`] = `
<div
  className="teaser-item left"
>
  <a
    href="/de/a-page/news1"
    onClick={[Function]}
    target={null}
  >
    <div
      className="grid-image-wrapper"
    >
      <img
        alt=""
        loading="lazy"
        src="/de/a-page/news1/@@images/preview_image/teaser"
      />
    </div>
    <div>
      <h3 />
      <p />
    </div>
  </a>
</div>
`;
