// Jest Snapshot v1, https://goo.gl/fbAQLP

exports[`renders a grid view component 1`] = `
<div
  className="tile __grid centered"
>
  <div
    className="ui four column grid"
  >
    <div
      className="column"
    >
      <div
        className="thetile"
      />
    </div>
    <div
      className="column"
    >
      <div
        className="thetile"
      />
    </div>
    <div
      className="column"
    >
      <div
        className="thetile"
      />
    </div>
    <div
      className="column"
    >
      <div
        className="thetile"
      />
    </div>
  </div>
</div>
`;
