// Jest Snapshot v1, https://goo.gl/fbAQLP

exports[`renders a Grid Tile Proxy Item component 1`] = `
<div
  aria-disabled={false}
  className="dropzone"
  onClick={[Function]}
  onDragEnter={[Function]}
  onDragLeave={[Function]}
  onDragOver={[Function]}
  onDragStart={[Function]}
  onDrop={[Function]}
  style={
    Object {
      "position": "relative",
    }
  }
>
  <div
    className="ui message"
  >
    <div
      className="grid-image-item default"
    >
      <img
        alt=""
        src="tile-image.svg"
      />
      <p>
        Drop a file, click for upload or browse the site
      </p>
    </div>
  </div>
  <input
    autoComplete="off"
    disabled={false}
    multiple={true}
    onChange={[Function]}
    style={
      Object {
        "bottom": 0,
        "left": 0,
        "opacity": 0.00001,
        "pointerEvents": "none",
        "position": "absolute",
        "right": 0,
        "top": 0,
      }
    }
    type="file"
  />
</div>
`;
