// Jest Snapshot v1, https://goo.gl/fbAQLP

exports[`renders a Grid Block Proxy Item component 1`] = `
<div
  className="grid-teaser-item top"
>
  <a
    href="/news/a-news-item-that-tells-things"
    onClick={[Function]}
    target={null}
  >
    <div
      className="grid-image-wrapper"
    >
      <img
        alt=""
        loading="lazy"
        src="/the-image.jpg"
      />
    </div>
    <h3>
      The title
    </h3>
    <p>
      The description
    </p>
  </a>
</div>
`;
