// Jest Snapshot v1, https://goo.gl/fbAQLP

exports[`renders a Grid Block Proxy Item component 1`] = `
<div
  className="grid-teaser-item top"
>
  <a
    href="/news/a-news-item-that-tells-things"
    onClick={[Function]}
    target={null}
  >
    <div
      className="grid-image-wrapper"
    >
      <img
        alt=""
        loading="lazy"
        src="/news/a-news-item-that-tells-things/@@images/preview_image/teaser"
      />
    </div>
    <h3
      className="no-supertitle"
    />
    <p />
  </a>
</div>
`;
