// Jest Snapshot v1, https://goo.gl/fbAQLP

exports[`renders a view image component 1`] = `
<div
  className="tile cards centered"
>
  <div
    className="ui four cards centered"
  >
    <div
      className="ui card"
      onClick={[Function]}
    >
      <img
        className="ui image"
        src="image.jpg"
      />
      <div
        className="content"
      />
    </div>
  </div>
</div>
`;
